
> cohortly@0.1.0 build
> next build

node.exe : [baseline-browser-mapping] The data in this module is over two months old.  To ensure accurate Baseline 
data, please update: `npm i baseline-browser-mapping@latest -D`
At line:1 char:1
+ & "C:\Program Files\nodejs/node.exe" "C:\Program Files\nodejs/node_mo ...
+ ~~~~~~~~~~~~~~~~~~~~~~~~~~~~~~~~~~~~~~~~~~~~~~~~~~~~~~~~~~~~~~~~~~~~~
    + CategoryInfo          : NotSpecified: ([baseline-brows...ping@latest -D`:String) [], RemoteException
    + FullyQualifiedErrorId : NativeCommandError
 
   Γû▓ Next.js 16.0.6 (Turbopack)
   - Environments: .env.local

 ΓÜá The "middleware" file convention is deprecated. Please use "proxy" instead. Learn more: 
https://nextjs.org/docs/messages/middleware-to-proxy
   Creating an optimized production build ...
[baseline-browser-mapping] The data in this module is over two months old.  To ensure accurate Baseline data, please 
update: `npm i baseline-browser-mapping@latest -D`
 Γ£ô Compiled successfully in 16.6s
   Running TypeScript ...
   Collecting page data using 3 workers ...
[baseline-browser-mapping] The data in this module is over two months old.  To ensure accurate Baseline data, please 
update: `npm i baseline-browser-mapping@latest -D`
[baseline-browser-mapping] The data in this module is over two months old.  To ensure accurate Baseline data, please 
update: `npm i baseline-browser-mapping@latest -D`
[baseline-browser-mapping] The data in this module is over two months old.  To ensure accurate Baseline data, please 
update: `npm i baseline-browser-mapping@latest -D`
   Generating static pages using 3 workers (0/21) ...
[baseline-browser-mapping] The data in this module is over two months old.  To ensure accurate Baseline data, please 
update: `npm i baseline-browser-mapping@latest -D`
 Γ¿» useSearchParams() should be wrapped in a suspense boundary at page "/dashboard". Read more: 
https://nextjs.org/docs/messages/missing-suspense-with-csr-bailout
    at S (C:\Users\DELL\OneDrive\Desktop\cohortly\app\.next\server\chunks\ssr\node_modules_next_cf02c53c._.js:2:2111)
    at p (C:\Users\DELL\OneDrive\Desktop\cohortly\app\.next\server\chunks\ssr\node_modules_next_cf02c53c._.js:4:4847)
    at aA 
(C:\Users\DELL\OneDrive\Desktop\cohortly\app\.next\server\chunks\ssr\components_sidebar_tsx_fe89cf49._.js:7:4294)
    at ar (C:\Users\DELL\OneDrive\Desktop\cohortly\app\node_modules\next\dist\compiled\next-server\app-page-turbo.runti
me.prod.js:2:84366)
    at aa (C:\Users\DELL\OneDrive\Desktop\cohortly\app\node_modules\next\dist\compiled\next-server\app-page-turbo.runti
me.prod.js:2:86185)
    at aa (C:\Users\DELL\OneDrive\Desktop\cohortly\app\node_modules\next\dist\compiled\next-server\app-page-turbo.runti
me.prod.js:2:104714)
    at as (C:\Users\DELL\OneDrive\Desktop\cohortly\app\node_modules\next\dist\compiled\next-server\app-page-turbo.runti
me.prod.js:2:107952)
    at ao (C:\Users\DELL\OneDrive\Desktop\cohortly\app\node_modules\next\dist\compiled\next-server\app-page-turbo.runti
me.prod.js:2:105374)
    at ah (C:\Users\DELL\OneDrive\Desktop\cohortly\app\node_modules\next\dist\compiled\next-server\app-page-turbo.runti
me.prod.js:2:112881)
    at al (C:\Users\DELL\OneDrive\Desktop\cohortly\app\node_modules\next\dist\compiled\next-server\app-page-turbo.runti
me.prod.js:2:109984)
Error occurred prerendering page "/dashboard". Read more: https://nextjs.org/docs/messages/prerender-error
Export encountered an error on /(pages)/dashboard/page: /dashboard, exiting the build.
 Γ¿» Next.js build worker exited with code: 1 and signal: null
